// Jest Snapshot v1, https://goo.gl/fbAQLP

exports[`<Break /> should match the snapshot 1`] = `
.c0 {
  width: 100%;
  height: 0;
}

<div
  className="c0"
/>
`;
