// Jest Snapshot v1, https://goo.gl/fbAQLP

exports[`index should verify the API shape 1`] = `
Object {
  "RenderProvider": Object {},
  "css": [Function],
  "flatten": [Function],
  "map": [Function],
  "percentage": [Function],
  "render": [Function],
  "resolve": [Function],
}
`;
