// Jest Snapshot v1, https://goo.gl/fbAQLP

exports[`index should verify the API shape 1`] = `
Object {
  "Theme": Object {},
  "ThemeProperties": Object {},
  "gutterWidth": [Function],
  "styled": [Function],
}
`;
